S => bAb
S => AB 
S => ab
A => c
B => d
B => A
A => e

